--- Copying files at Sun Jul 12 15:14:54 UTC 2026
--- Copied files finished at Sun Jul 12 15:14:54 UTC 2026
--- Copying files at Mon Jul 13 09:11:46 UTC 2026
--- Copied files finished at Mon Jul 13 09:11:46 UTC 2026
--- Copying files at Mon Jul 13 12:44:04 UTC 2026
--- Copied files finished at Mon Jul 13 12:44:04 UTC 2026
--- Copying files at Thu Jul 16 19:52:57 UTC 2026
--- Copied files finished at Thu Jul 16 19:52:57 UTC 2026
--- Copying files at Fri Jul 17 11:01:13 UTC 2026
--- Copied files finished at Fri Jul 17 11:01:13 UTC 2026
--- Copying files at Fri Jul 17 13:34:52 UTC 2026
--- Copied files finished at Fri Jul 17 13:34:52 UTC 2026
--- Copying files at Fri Jul 17 13:40:00 UTC 2026
--- Copied files finished at Fri Jul 17 13:40:00 UTC 2026
--- Copying files at Sat Jul 18 10:00:04 UTC 2026
--- Copied files finished at Sat Jul 18 10:00:04 UTC 2026
--- Copying files at Sat Jul 18 10:26:32 UTC 2026
--- Copied files finished at Sat Jul 18 10:26:32 UTC 2026
--- Copying files at Sat Jul 18 16:00:01 UTC 2026
--- Copied files finished at Sat Jul 18 16:00:01 UTC 2026
--- Copying files at Sat Jul 18 22:33:39 UTC 2026
--- Copied files finished at Sat Jul 18 22:33:39 UTC 2026
--- Copying files at Sun Jul 19 09:44:15 UTC 2026
--- Copied files finished at Sun Jul 19 09:44:15 UTC 2026
